running egg_info
creating build/final_project/final_project.egg-info
writing build/final_project/final_project.egg-info/PKG-INFO
writing dependency_links to build/final_project/final_project.egg-info/dependency_links.txt
writing entry points to build/final_project/final_project.egg-info/entry_points.txt
writing requirements to build/final_project/final_project.egg-info/requires.txt
writing top-level names to build/final_project/final_project.egg-info/top_level.txt
writing manifest file 'build/final_project/final_project.egg-info/SOURCES.txt'
reading manifest file 'build/final_project/final_project.egg-info/SOURCES.txt'
writing manifest file 'build/final_project/final_project.egg-info/SOURCES.txt'
running build
running build_py
creating /root/ses598-space-robotics-and-ai-2026/assignments/final_project/build/final_project/build
creating /root/ses598-space-robotics-and-ai-2026/assignments/final_project/build/final_project/build/lib
creating /root/ses598-space-robotics-and-ai-2026/assignments/final_project/build/final_project/build/lib/final_project
copying final_project/setup.py -> /root/ses598-space-robotics-and-ai-2026/assignments/final_project/build/final_project/build/lib/final_project
copying final_project/concept_terrain_mission.py -> /root/ses598-space-robotics-and-ai-2026/assignments/final_project/build/final_project/build/lib/final_project
copying final_project/__init__.py -> /root/ses598-space-robotics-and-ai-2026/assignments/final_project/build/final_project/build/lib/final_project
running install
running install_lib
creating /root/ses598-space-robotics-and-ai-2026/assignments/final_project/install/final_project/lib/python3.10/site-packages/final_project
copying /root/ses598-space-robotics-and-ai-2026/assignments/final_project/build/final_project/build/lib/final_project/setup.py -> /root/ses598-space-robotics-and-ai-2026/assignments/final_project/install/final_project/lib/python3.10/site-packages/final_project
copying /root/ses598-space-robotics-and-ai-2026/assignments/final_project/build/final_project/build/lib/final_project/concept_terrain_mission.py -> /root/ses598-space-robotics-and-ai-2026/assignments/final_project/install/final_project/lib/python3.10/site-packages/final_project
copying /root/ses598-space-robotics-and-ai-2026/assignments/final_project/build/final_project/build/lib/final_project/__init__.py -> /root/ses598-space-robotics-and-ai-2026/assignments/final_project/install/final_project/lib/python3.10/site-packages/final_project
byte-compiling /root/ses598-space-robotics-and-ai-2026/assignments/final_project/install/final_project/lib/python3.10/site-packages/final_project/setup.py to setup.cpython-310.pyc
byte-compiling /root/ses598-space-robotics-and-ai-2026/assignments/final_project/install/final_project/lib/python3.10/site-packages/final_project/concept_terrain_mission.py to concept_terrain_mission.cpython-310.pyc
byte-compiling /root/ses598-space-robotics-and-ai-2026/assignments/final_project/install/final_project/lib/python3.10/site-packages/final_project/__init__.py to __init__.cpython-310.pyc
running install_data
creating /root/ses598-space-robotics-and-ai-2026/assignments/final_project/install/final_project/share/ament_index
creating /root/ses598-space-robotics-and-ai-2026/assignments/final_project/install/final_project/share/ament_index/resource_index
creating /root/ses598-space-robotics-and-ai-2026/assignments/final_project/install/final_project/share/ament_index/resource_index/packages
copying resource/final_project -> /root/ses598-space-robotics-and-ai-2026/assignments/final_project/install/final_project/share/ament_index/resource_index/packages
copying package.xml -> /root/ses598-space-robotics-and-ai-2026/assignments/final_project/install/final_project/share/final_project
creating /root/ses598-space-robotics-and-ai-2026/assignments/final_project/install/final_project/share/final_project/launch
copying launch/concept_mission_launch.py -> /root/ses598-space-robotics-and-ai-2026/assignments/final_project/install/final_project/share/final_project/launch
creating /root/ses598-space-robotics-and-ai-2026/assignments/final_project/install/final_project/share/final_project/models
creating /root/ses598-space-robotics-and-ai-2026/assignments/final_project/install/final_project/share/final_project/models/terrain
copying models/terrain/model.sdf -> /root/ses598-space-robotics-and-ai-2026/assignments/final_project/install/final_project/share/final_project/models/terrain
copying models/terrain/model.config -> /root/ses598-space-robotics-and-ai-2026/assignments/final_project/install/final_project/share/final_project/models/terrain
creating /root/ses598-space-robotics-and-ai-2026/assignments/final_project/install/final_project/share/final_project/models/terrain/meshes
copying models/terrain/meshes/artburysol175.stl -> /root/ses598-space-robotics-and-ai-2026/assignments/final_project/install/final_project/share/final_project/models/terrain/meshes
running install_egg_info
Copying build/final_project/final_project.egg-info to /root/ses598-space-robotics-and-ai-2026/assignments/final_project/install/final_project/lib/python3.10/site-packages/final_project-0.0.1-py3.10.egg-info
running install_scripts
Installing concept_terrain_mission script to /root/ses598-space-robotics-and-ai-2026/assignments/final_project/install/final_project/bin
writing list of installed files to '/root/ses598-space-robotics-and-ai-2026/assignments/final_project/build/final_project/install.log'
