[1.698s] Invoking command in '/root/ses598-space-robotics-and-ai-2026/assignments/final_project': PYTHONPATH=/root/ses598-space-robotics-and-ai-2026/assignments/final_project/build/final_project/prefix_override:/usr/lib/python3/dist-packages/colcon_core/task/python/colcon_distutils_commands:/root/ses598-space-robotics-and-ai-2026/assignments/final_project/install/final_project/lib/python3.10/site-packages:${PYTHONPATH} /usr/bin/python3 -W ignore:setup.py install is deprecated -W ignore:easy_install command is deprecated setup.py egg_info --egg-base build/final_project build --build-base /root/ses598-space-robotics-and-ai-2026/assignments/final_project/build/final_project/build install --record /root/ses598-space-robotics-and-ai-2026/assignments/final_project/build/final_project/install.log --single-version-externally-managed install_data
[2.225s] running egg_info
[2.225s] creating build/final_project/final_project.egg-info
[2.226s] writing build/final_project/final_project.egg-info/PKG-INFO
[2.226s] writing dependency_links to build/final_project/final_project.egg-info/dependency_links.txt
[2.226s] writing entry points to build/final_project/final_project.egg-info/entry_points.txt
[2.227s] writing requirements to build/final_project/final_project.egg-info/requires.txt
[2.227s] writing top-level names to build/final_project/final_project.egg-info/top_level.txt
[2.227s] writing manifest file 'build/final_project/final_project.egg-info/SOURCES.txt'
[2.231s] reading manifest file 'build/final_project/final_project.egg-info/SOURCES.txt'
[2.232s] writing manifest file 'build/final_project/final_project.egg-info/SOURCES.txt'
[2.232s] running build
[2.233s] running build_py
[2.233s] creating /root/ses598-space-robotics-and-ai-2026/assignments/final_project/build/final_project/build
[2.233s] creating /root/ses598-space-robotics-and-ai-2026/assignments/final_project/build/final_project/build/lib
[2.234s] creating /root/ses598-space-robotics-and-ai-2026/assignments/final_project/build/final_project/build/lib/final_project
[2.234s] copying final_project/setup.py -> /root/ses598-space-robotics-and-ai-2026/assignments/final_project/build/final_project/build/lib/final_project
[2.234s] copying final_project/concept_terrain_mission.py -> /root/ses598-space-robotics-and-ai-2026/assignments/final_project/build/final_project/build/lib/final_project
[2.234s] copying final_project/__init__.py -> /root/ses598-space-robotics-and-ai-2026/assignments/final_project/build/final_project/build/lib/final_project
[2.234s] running install
[2.235s] running install_lib
[2.236s] creating /root/ses598-space-robotics-and-ai-2026/assignments/final_project/install/final_project/lib/python3.10/site-packages/final_project
[2.236s] copying /root/ses598-space-robotics-and-ai-2026/assignments/final_project/build/final_project/build/lib/final_project/setup.py -> /root/ses598-space-robotics-and-ai-2026/assignments/final_project/install/final_project/lib/python3.10/site-packages/final_project
[2.237s] copying /root/ses598-space-robotics-and-ai-2026/assignments/final_project/build/final_project/build/lib/final_project/concept_terrain_mission.py -> /root/ses598-space-robotics-and-ai-2026/assignments/final_project/install/final_project/lib/python3.10/site-packages/final_project
[2.237s] copying /root/ses598-space-robotics-and-ai-2026/assignments/final_project/build/final_project/build/lib/final_project/__init__.py -> /root/ses598-space-robotics-and-ai-2026/assignments/final_project/install/final_project/lib/python3.10/site-packages/final_project
[2.238s] byte-compiling /root/ses598-space-robotics-and-ai-2026/assignments/final_project/install/final_project/lib/python3.10/site-packages/final_project/setup.py to setup.cpython-310.pyc
[2.239s] byte-compiling /root/ses598-space-robotics-and-ai-2026/assignments/final_project/install/final_project/lib/python3.10/site-packages/final_project/concept_terrain_mission.py to concept_terrain_mission.cpython-310.pyc
[2.244s] byte-compiling /root/ses598-space-robotics-and-ai-2026/assignments/final_project/install/final_project/lib/python3.10/site-packages/final_project/__init__.py to __init__.cpython-310.pyc
[2.245s] running install_data
[2.245s] creating /root/ses598-space-robotics-and-ai-2026/assignments/final_project/install/final_project/share/ament_index
[2.245s] creating /root/ses598-space-robotics-and-ai-2026/assignments/final_project/install/final_project/share/ament_index/resource_index
[2.245s] creating /root/ses598-space-robotics-and-ai-2026/assignments/final_project/install/final_project/share/ament_index/resource_index/packages
[2.246s] copying resource/final_project -> /root/ses598-space-robotics-and-ai-2026/assignments/final_project/install/final_project/share/ament_index/resource_index/packages
[2.246s] copying package.xml -> /root/ses598-space-robotics-and-ai-2026/assignments/final_project/install/final_project/share/final_project
[2.246s] creating /root/ses598-space-robotics-and-ai-2026/assignments/final_project/install/final_project/share/final_project/launch
[2.247s] copying launch/concept_mission_launch.py -> /root/ses598-space-robotics-and-ai-2026/assignments/final_project/install/final_project/share/final_project/launch
[2.247s] creating /root/ses598-space-robotics-and-ai-2026/assignments/final_project/install/final_project/share/final_project/models
[2.247s] creating /root/ses598-space-robotics-and-ai-2026/assignments/final_project/install/final_project/share/final_project/models/terrain
[2.247s] copying models/terrain/model.sdf -> /root/ses598-space-robotics-and-ai-2026/assignments/final_project/install/final_project/share/final_project/models/terrain
[2.248s] copying models/terrain/model.config -> /root/ses598-space-robotics-and-ai-2026/assignments/final_project/install/final_project/share/final_project/models/terrain
[2.248s] creating /root/ses598-space-robotics-and-ai-2026/assignments/final_project/install/final_project/share/final_project/models/terrain/meshes
[2.248s] copying models/terrain/meshes/artburysol175.stl -> /root/ses598-space-robotics-and-ai-2026/assignments/final_project/install/final_project/share/final_project/models/terrain/meshes
[2.296s] running install_egg_info
[2.300s] Copying build/final_project/final_project.egg-info to /root/ses598-space-robotics-and-ai-2026/assignments/final_project/install/final_project/lib/python3.10/site-packages/final_project-0.0.1-py3.10.egg-info
[2.302s] running install_scripts
[2.333s] Installing concept_terrain_mission script to /root/ses598-space-robotics-and-ai-2026/assignments/final_project/install/final_project/bin
[2.334s] writing list of installed files to '/root/ses598-space-robotics-and-ai-2026/assignments/final_project/build/final_project/install.log'
[2.367s] Invoked command in '/root/ses598-space-robotics-and-ai-2026/assignments/final_project' returned '0': PYTHONPATH=/root/ses598-space-robotics-and-ai-2026/assignments/final_project/build/final_project/prefix_override:/usr/lib/python3/dist-packages/colcon_core/task/python/colcon_distutils_commands:/root/ses598-space-robotics-and-ai-2026/assignments/final_project/install/final_project/lib/python3.10/site-packages:${PYTHONPATH} /usr/bin/python3 -W ignore:setup.py install is deprecated -W ignore:easy_install command is deprecated setup.py egg_info --egg-base build/final_project build --build-base /root/ses598-space-robotics-and-ai-2026/assignments/final_project/build/final_project/build install --record /root/ses598-space-robotics-and-ai-2026/assignments/final_project/build/final_project/install.log --single-version-externally-managed install_data
