[0.490s] DEBUG:colcon:Command line arguments: ['/usr/bin/colcon', 'build', '--packages-select', 'final_project']
[0.491s] DEBUG:colcon:Parsed command line arguments: Namespace(log_base=None, log_level=None, verb_name='build', build_base='build', install_base='install', merge_install=False, symlink_install=False, test_result_base=None, continue_on_error=False, executor='parallel', parallel_workers=64, event_handlers=None, ignore_user_meta=False, metas=['./colcon.meta'], base_paths=['.'], packages_ignore=None, packages_ignore_regex=None, paths=None, packages_up_to=None, packages_up_to_regex=None, packages_above=None, packages_above_and_dependencies=None, packages_above_depth=None, packages_select_by_dep=None, packages_skip_by_dep=None, packages_skip_up_to=None, packages_select_build_failed=False, packages_skip_build_finished=False, packages_select_test_failures=False, packages_skip_test_passed=False, packages_select=['final_project'], packages_skip=None, packages_select_regex=None, packages_skip_regex=None, packages_start=None, packages_end=None, allow_overriding=[], cmake_args=None, cmake_target=None, cmake_target_skip_unavailable=False, cmake_clean_cache=False, cmake_clean_first=False, cmake_force_configure=False, ament_cmake_args=None, catkin_cmake_args=None, catkin_skip_building_tests=False, mixin_files=None, mixin=None, verb_parser=<colcon_mixin.mixin.mixin_argument.MixinArgumentDecorator object at 0x7217e8eaf520>, verb_extension=<colcon_core.verb.build.BuildVerb object at 0x7217e8eaefb0>, main=<bound method BuildVerb.main of <colcon_core.verb.build.BuildVerb object at 0x7217e8eaefb0>>, mixin_verb=('build',))
[0.982s] Level 1:colcon.colcon_core.package_discovery:discover_packages(colcon_meta) check parameters
[0.982s] Level 1:colcon.colcon_core.package_discovery:discover_packages(recursive) check parameters
[0.982s] Level 1:colcon.colcon_core.package_discovery:discover_packages(ignore) check parameters
[0.982s] Level 1:colcon.colcon_core.package_discovery:discover_packages(path) check parameters
[0.982s] Level 1:colcon.colcon_core.package_discovery:discover_packages(colcon_meta) discover
[0.982s] Level 1:colcon.colcon_core.package_discovery:discover_packages(recursive) discover
[0.983s] INFO:colcon.colcon_core.package_discovery:Crawling recursively for packages in '/root/ses598-space-robotics-and-ai-2026/assignments/final_project'
[0.983s] Level 1:colcon.colcon_core.package_identification:_identify(.) by extensions ['ignore', 'ignore_ament_install']
[0.983s] Level 1:colcon.colcon_core.package_identification:_identify(.) by extension 'ignore'
[0.983s] Level 1:colcon.colcon_core.package_identification:_identify(.) by extension 'ignore_ament_install'
[0.983s] Level 1:colcon.colcon_core.package_identification:_identify(.) by extensions ['colcon_pkg']
[0.983s] Level 1:colcon.colcon_core.package_identification:_identify(.) by extension 'colcon_pkg'
[0.983s] Level 1:colcon.colcon_core.package_identification:_identify(.) by extensions ['colcon_meta']
[0.983s] Level 1:colcon.colcon_core.package_identification:_identify(.) by extension 'colcon_meta'
[0.984s] Level 1:colcon.colcon_core.package_identification:_identify(.) by extensions ['ros']
[0.984s] Level 1:colcon.colcon_core.package_identification:_identify(.) by extension 'ros'
[1.063s] DEBUG:colcon.colcon_core.package_identification:Package '.' with type 'ros.ament_python' and name 'final_project'
[1.063s] Level 1:colcon.colcon_core.package_discovery:discover_packages(recursive) using defaults
[1.063s] Level 1:colcon.colcon_core.package_discovery:discover_packages(ignore) discover
[1.063s] Level 1:colcon.colcon_core.package_discovery:discover_packages(ignore) using defaults
[1.063s] Level 1:colcon.colcon_core.package_discovery:discover_packages(path) discover
[1.063s] Level 1:colcon.colcon_core.package_discovery:discover_packages(path) using defaults
[1.103s] Level 1:colcon.colcon_core.package_discovery:discover_packages(prefix_path) check parameters
[1.103s] Level 1:colcon.colcon_core.package_discovery:discover_packages(prefix_path) discover
[1.122s] DEBUG:colcon.colcon_installed_package_information.package_discovery:Found 4 installed packages in /root/ros2_ws/install
[1.126s] DEBUG:colcon.colcon_installed_package_information.package_discovery:Found 363 installed packages in /opt/ros/humble
[1.129s] Level 1:colcon.colcon_core.package_discovery:discover_packages(prefix_path) using defaults
[1.279s] Level 5:colcon.colcon_core.verb:set package 'final_project' build argument 'cmake_args' from command line to 'None'
[1.279s] Level 5:colcon.colcon_core.verb:set package 'final_project' build argument 'cmake_target' from command line to 'None'
[1.279s] Level 5:colcon.colcon_core.verb:set package 'final_project' build argument 'cmake_target_skip_unavailable' from command line to 'False'
[1.279s] Level 5:colcon.colcon_core.verb:set package 'final_project' build argument 'cmake_clean_cache' from command line to 'False'
[1.279s] Level 5:colcon.colcon_core.verb:set package 'final_project' build argument 'cmake_clean_first' from command line to 'False'
[1.280s] Level 5:colcon.colcon_core.verb:set package 'final_project' build argument 'cmake_force_configure' from command line to 'False'
[1.280s] Level 5:colcon.colcon_core.verb:set package 'final_project' build argument 'ament_cmake_args' from command line to 'None'
[1.280s] Level 5:colcon.colcon_core.verb:set package 'final_project' build argument 'catkin_cmake_args' from command line to 'None'
[1.280s] Level 5:colcon.colcon_core.verb:set package 'final_project' build argument 'catkin_skip_building_tests' from command line to 'False'
[1.280s] DEBUG:colcon.colcon_core.verb:Building package 'final_project' with the following arguments: {'ament_cmake_args': None, 'build_base': '/root/ses598-space-robotics-and-ai-2026/assignments/final_project/build/final_project', 'catkin_cmake_args': None, 'catkin_skip_building_tests': False, 'cmake_args': None, 'cmake_clean_cache': False, 'cmake_clean_first': False, 'cmake_force_configure': False, 'cmake_target': None, 'cmake_target_skip_unavailable': False, 'install_base': '/root/ses598-space-robotics-and-ai-2026/assignments/final_project/install/final_project', 'merge_install': False, 'path': '/root/ses598-space-robotics-and-ai-2026/assignments/final_project', 'symlink_install': False, 'test_result_base': None}
[1.280s] INFO:colcon.colcon_core.executor:Executing jobs using 'parallel' executor
[1.282s] DEBUG:colcon.colcon_parallel_executor.executor.parallel:run_until_complete
[1.283s] INFO:colcon.colcon_ros.task.ament_python.build:Building ROS package in '/root/ses598-space-robotics-and-ai-2026/assignments/final_project' with build type 'ament_python'
[1.283s] Level 1:colcon.colcon_core.shell:create_environment_hook('final_project', 'ament_prefix_path')
[1.287s] INFO:colcon.colcon_core.plugin_system:Skipping extension 'colcon_core.shell.bat': Not used on non-Windows systems
[1.288s] INFO:colcon.colcon_core.shell:Creating environment hook '/root/ses598-space-robotics-and-ai-2026/assignments/final_project/install/final_project/share/final_project/hook/ament_prefix_path.ps1'
[1.289s] INFO:colcon.colcon_core.shell:Creating environment descriptor '/root/ses598-space-robotics-and-ai-2026/assignments/final_project/install/final_project/share/final_project/hook/ament_prefix_path.dsv'
[1.290s] INFO:colcon.colcon_core.shell:Creating environment hook '/root/ses598-space-robotics-and-ai-2026/assignments/final_project/install/final_project/share/final_project/hook/ament_prefix_path.sh'
[1.292s] INFO:colcon.colcon_core.shell:Skip shell extension 'powershell' for command environment: Not usable outside of PowerShell
[1.292s] DEBUG:colcon.colcon_core.shell:Skip shell extension 'dsv' for command environment
[1.850s] INFO:colcon.colcon_core.task.python.build:Building Python package in '/root/ses598-space-robotics-and-ai-2026/assignments/final_project'
[1.850s] INFO:colcon.colcon_core.shell:Skip shell extension 'powershell' for command environment: Not usable outside of PowerShell
[1.851s] DEBUG:colcon.colcon_core.shell:Skip shell extension 'dsv' for command environment
[2.981s] DEBUG:colcon.colcon_core.event_handler.log_command:Invoking command in '/root/ses598-space-robotics-and-ai-2026/assignments/final_project': PYTHONPATH=/root/ses598-space-robotics-and-ai-2026/assignments/final_project/build/final_project/prefix_override:/usr/lib/python3/dist-packages/colcon_core/task/python/colcon_distutils_commands:/root/ses598-space-robotics-and-ai-2026/assignments/final_project/install/final_project/lib/python3.10/site-packages:${PYTHONPATH} /usr/bin/python3 -W ignore:setup.py install is deprecated -W ignore:easy_install command is deprecated setup.py egg_info --egg-base build/final_project build --build-base /root/ses598-space-robotics-and-ai-2026/assignments/final_project/build/final_project/build install --record /root/ses598-space-robotics-and-ai-2026/assignments/final_project/build/final_project/install.log --single-version-externally-managed install_data
[3.651s] DEBUG:colcon.colcon_core.event_handler.log_command:Invoked command in '/root/ses598-space-robotics-and-ai-2026/assignments/final_project' returned '0': PYTHONPATH=/root/ses598-space-robotics-and-ai-2026/assignments/final_project/build/final_project/prefix_override:/usr/lib/python3/dist-packages/colcon_core/task/python/colcon_distutils_commands:/root/ses598-space-robotics-and-ai-2026/assignments/final_project/install/final_project/lib/python3.10/site-packages:${PYTHONPATH} /usr/bin/python3 -W ignore:setup.py install is deprecated -W ignore:easy_install command is deprecated setup.py egg_info --egg-base build/final_project build --build-base /root/ses598-space-robotics-and-ai-2026/assignments/final_project/build/final_project/build install --record /root/ses598-space-robotics-and-ai-2026/assignments/final_project/build/final_project/install.log --single-version-externally-managed install_data
[3.659s] Level 1:colcon.colcon_core.environment:checking '/root/ses598-space-robotics-and-ai-2026/assignments/final_project/install/final_project' for CMake module files
[3.659s] Level 1:colcon.colcon_core.environment:checking '/root/ses598-space-robotics-and-ai-2026/assignments/final_project/install/final_project' for CMake config files
[3.660s] Level 1:colcon.colcon_core.environment:checking '/root/ses598-space-robotics-and-ai-2026/assignments/final_project/install/final_project/lib'
[3.661s] Level 1:colcon.colcon_core.environment:checking '/root/ses598-space-robotics-and-ai-2026/assignments/final_project/install/final_project/bin'
[3.661s] Level 1:colcon.colcon_core.shell:create_environment_hook('final_project', 'path')
[3.661s] INFO:colcon.colcon_core.shell:Creating environment hook '/root/ses598-space-robotics-and-ai-2026/assignments/final_project/install/final_project/share/final_project/hook/path.ps1'
[3.662s] INFO:colcon.colcon_core.shell:Creating environment descriptor '/root/ses598-space-robotics-and-ai-2026/assignments/final_project/install/final_project/share/final_project/hook/path.dsv'
[3.663s] INFO:colcon.colcon_core.shell:Creating environment hook '/root/ses598-space-robotics-and-ai-2026/assignments/final_project/install/final_project/share/final_project/hook/path.sh'
[3.664s] Level 1:colcon.colcon_core.environment:checking '/root/ses598-space-robotics-and-ai-2026/assignments/final_project/install/final_project/lib/pkgconfig/final_project.pc'
[3.664s] Level 1:colcon.colcon_core.environment:checking '/root/ses598-space-robotics-and-ai-2026/assignments/final_project/install/final_project/lib/python3.10/site-packages'
[3.664s] Level 1:colcon.colcon_core.shell:create_environment_hook('final_project', 'pythonpath')
[3.665s] INFO:colcon.colcon_core.shell:Creating environment hook '/root/ses598-space-robotics-and-ai-2026/assignments/final_project/install/final_project/share/final_project/hook/pythonpath.ps1'
[3.665s] INFO:colcon.colcon_core.shell:Creating environment descriptor '/root/ses598-space-robotics-and-ai-2026/assignments/final_project/install/final_project/share/final_project/hook/pythonpath.dsv'
[3.666s] INFO:colcon.colcon_core.shell:Creating environment hook '/root/ses598-space-robotics-and-ai-2026/assignments/final_project/install/final_project/share/final_project/hook/pythonpath.sh'
[3.667s] Level 1:colcon.colcon_core.environment:checking '/root/ses598-space-robotics-and-ai-2026/assignments/final_project/install/final_project/bin'
[3.667s] Level 1:colcon.colcon_core.shell:create_environment_hook('final_project', 'pythonscriptspath')
[3.668s] INFO:colcon.colcon_core.shell:Creating environment hook '/root/ses598-space-robotics-and-ai-2026/assignments/final_project/install/final_project/share/final_project/hook/pythonscriptspath.ps1'
[3.668s] INFO:colcon.colcon_core.shell:Creating environment descriptor '/root/ses598-space-robotics-and-ai-2026/assignments/final_project/install/final_project/share/final_project/hook/pythonscriptspath.dsv'
[3.669s] INFO:colcon.colcon_core.shell:Creating environment hook '/root/ses598-space-robotics-and-ai-2026/assignments/final_project/install/final_project/share/final_project/hook/pythonscriptspath.sh'
[3.670s] Level 1:colcon.colcon_core.environment:create_environment_scripts_only(final_project)
[3.670s] INFO:colcon.colcon_core.shell:Creating package script '/root/ses598-space-robotics-and-ai-2026/assignments/final_project/install/final_project/share/final_project/package.ps1'
[3.672s] INFO:colcon.colcon_core.shell:Creating package descriptor '/root/ses598-space-robotics-and-ai-2026/assignments/final_project/install/final_project/share/final_project/package.dsv'
[3.694s] INFO:colcon.colcon_core.shell:Creating package script '/root/ses598-space-robotics-and-ai-2026/assignments/final_project/install/final_project/share/final_project/package.sh'
[3.696s] INFO:colcon.colcon_core.shell:Creating package script '/root/ses598-space-robotics-and-ai-2026/assignments/final_project/install/final_project/share/final_project/package.bash'
[3.698s] INFO:colcon.colcon_core.shell:Creating package script '/root/ses598-space-robotics-and-ai-2026/assignments/final_project/install/final_project/share/final_project/package.zsh'
[3.701s] Level 1:colcon.colcon_core.environment:create_file_with_runtime_dependencies(/root/ses598-space-robotics-and-ai-2026/assignments/final_project/install/final_project/share/colcon-core/packages/final_project)
[3.702s] DEBUG:colcon.colcon_parallel_executor.executor.parallel:closing loop
[3.702s] DEBUG:colcon.colcon_parallel_executor.executor.parallel:loop closed
[3.703s] DEBUG:colcon.colcon_parallel_executor.executor.parallel:run_until_complete finished with '0'
[3.703s] DEBUG:colcon.colcon_core.event_reactor:joining thread
[3.719s] INFO:colcon.colcon_core.plugin_system:Skipping extension 'colcon_notification.desktop_notification.notify_send': Could not find 'notify-send'
[3.720s] INFO:colcon.colcon_core.plugin_system:Skipping extension 'colcon_notification.desktop_notification.terminal_notifier': Not used on non-Darwin systems
[3.720s] INFO:colcon.colcon_core.plugin_system:Skipping extension 'colcon_notification.desktop_notification.win32': Not used on non-Windows systems
[3.720s] INFO:colcon.colcon_notification.desktop_notification:Sending desktop notification using 'notify2'
[3.726s] DEBUG:colcon.colcon_notification.desktop_notification.notify2:Failed to initialize notify2: org.freedesktop.DBus.Error.Spawn.ExecFailed: /usr/bin/dbus-launch terminated abnormally without any error message
[3.727s] DEBUG:colcon.colcon_core.event_reactor:joined thread
[3.728s] INFO:colcon.colcon_core.shell:Creating prefix script '/root/ses598-space-robotics-and-ai-2026/assignments/final_project/install/local_setup.ps1'
[3.732s] INFO:colcon.colcon_core.shell:Creating prefix util module '/root/ses598-space-robotics-and-ai-2026/assignments/final_project/install/_local_setup_util_ps1.py'
[3.737s] INFO:colcon.colcon_core.shell:Creating prefix chain script '/root/ses598-space-robotics-and-ai-2026/assignments/final_project/install/setup.ps1'
[3.740s] INFO:colcon.colcon_core.shell:Creating prefix script '/root/ses598-space-robotics-and-ai-2026/assignments/final_project/install/local_setup.sh'
[3.743s] INFO:colcon.colcon_core.shell:Creating prefix util module '/root/ses598-space-robotics-and-ai-2026/assignments/final_project/install/_local_setup_util_sh.py'
[3.745s] INFO:colcon.colcon_core.shell:Creating prefix chain script '/root/ses598-space-robotics-and-ai-2026/assignments/final_project/install/setup.sh'
[3.748s] INFO:colcon.colcon_core.shell:Creating prefix script '/root/ses598-space-robotics-and-ai-2026/assignments/final_project/install/local_setup.bash'
[3.750s] INFO:colcon.colcon_core.shell:Creating prefix chain script '/root/ses598-space-robotics-and-ai-2026/assignments/final_project/install/setup.bash'
[3.753s] INFO:colcon.colcon_core.shell:Creating prefix script '/root/ses598-space-robotics-and-ai-2026/assignments/final_project/install/local_setup.zsh'
[3.777s] INFO:colcon.colcon_core.shell:Creating prefix chain script '/root/ses598-space-robotics-and-ai-2026/assignments/final_project/install/setup.zsh'
