[0.256s] DEBUG:colcon:Command line arguments: ['/usr/bin/colcon', 'build', '--packages-select', 'final_project']
[0.257s] DEBUG:colcon:Parsed command line arguments: Namespace(log_base=None, log_level=None, verb_name='build', build_base='build', install_base='install', merge_install=False, symlink_install=False, test_result_base=None, continue_on_error=False, executor='parallel', parallel_workers=64, event_handlers=None, ignore_user_meta=False, metas=['./colcon.meta'], base_paths=['.'], packages_ignore=None, packages_ignore_regex=None, paths=None, packages_up_to=None, packages_up_to_regex=None, packages_above=None, packages_above_and_dependencies=None, packages_above_depth=None, packages_select_by_dep=None, packages_skip_by_dep=None, packages_skip_up_to=None, packages_select_build_failed=False, packages_skip_build_finished=False, packages_select_test_failures=False, packages_skip_test_passed=False, packages_select=['final_project'], packages_skip=None, packages_select_regex=None, packages_skip_regex=None, packages_start=None, packages_end=None, allow_overriding=[], cmake_args=None, cmake_target=None, cmake_target_skip_unavailable=False, cmake_clean_cache=False, cmake_clean_first=False, cmake_force_configure=False, ament_cmake_args=None, catkin_cmake_args=None, catkin_skip_building_tests=False, mixin_files=None, mixin=None, verb_parser=<colcon_mixin.mixin.mixin_argument.MixinArgumentDecorator object at 0x732d011bc1f0>, verb_extension=<colcon_core.verb.build.BuildVerb object at 0x732d0117bc40>, main=<bound method BuildVerb.main of <colcon_core.verb.build.BuildVerb object at 0x732d0117bc40>>, mixin_verb=('build',))
[0.640s] Level 1:colcon.colcon_core.package_discovery:discover_packages(colcon_meta) check parameters
[0.640s] Level 1:colcon.colcon_core.package_discovery:discover_packages(recursive) check parameters
[0.640s] Level 1:colcon.colcon_core.package_discovery:discover_packages(ignore) check parameters
[0.641s] Level 1:colcon.colcon_core.package_discovery:discover_packages(path) check parameters
[0.641s] Level 1:colcon.colcon_core.package_discovery:discover_packages(colcon_meta) discover
[0.641s] Level 1:colcon.colcon_core.package_discovery:discover_packages(recursive) discover
[0.641s] INFO:colcon.colcon_core.package_discovery:Crawling recursively for packages in '/root/ses598-space-robotics-and-ai-2026/assignments/final_project'
[0.641s] Level 1:colcon.colcon_core.package_identification:_identify(.) by extensions ['ignore', 'ignore_ament_install']
[0.641s] Level 1:colcon.colcon_core.package_identification:_identify(.) by extension 'ignore'
[0.641s] Level 1:colcon.colcon_core.package_identification:_identify(.) by extension 'ignore_ament_install'
[0.642s] Level 1:colcon.colcon_core.package_identification:_identify(.) by extensions ['colcon_pkg']
[0.642s] Level 1:colcon.colcon_core.package_identification:_identify(.) by extension 'colcon_pkg'
[0.642s] Level 1:colcon.colcon_core.package_identification:_identify(.) by extensions ['colcon_meta']
[0.642s] Level 1:colcon.colcon_core.package_identification:_identify(.) by extension 'colcon_meta'
[0.642s] Level 1:colcon.colcon_core.package_identification:_identify(.) by extensions ['ros']
[0.642s] Level 1:colcon.colcon_core.package_identification:_identify(.) by extension 'ros'
[0.711s] DEBUG:colcon.colcon_core.package_identification:Package '.' with type 'ros.ament_python' and name 'final_project'
[0.712s] Level 1:colcon.colcon_core.package_discovery:discover_packages(recursive) using defaults
[0.712s] Level 1:colcon.colcon_core.package_discovery:discover_packages(ignore) discover
[0.712s] Level 1:colcon.colcon_core.package_discovery:discover_packages(ignore) using defaults
[0.712s] Level 1:colcon.colcon_core.package_discovery:discover_packages(path) discover
[0.712s] Level 1:colcon.colcon_core.package_discovery:discover_packages(path) using defaults
[0.748s] Level 1:colcon.colcon_core.package_discovery:discover_packages(prefix_path) check parameters
[0.748s] Level 1:colcon.colcon_core.package_discovery:discover_packages(prefix_path) discover
[0.752s] DEBUG:colcon.colcon_installed_package_information.package_discovery:Found 1 installed packages in /root/ses598-space-robotics-and-ai-2026/assignments/final_project/install
[0.753s] DEBUG:colcon.colcon_installed_package_information.package_discovery:Found 1 installed packages in /root/ses598-space-robotics-and-ai-2026/assignments/install
[0.754s] DEBUG:colcon.colcon_installed_package_information.package_discovery:Found 4 installed packages in /root/ros2_ws/install
[0.754s] DEBUG:colcon.colcon_installed_package_information.package_discovery:Found 1 installed packages in /root/ses598-space-robotics-and-ai-2026/install
[0.757s] DEBUG:colcon.colcon_installed_package_information.package_discovery:Found 363 installed packages in /opt/ros/humble
[0.760s] Level 1:colcon.colcon_core.package_discovery:discover_packages(prefix_path) using defaults
[0.843s] Level 5:colcon.colcon_core.verb:set package 'final_project' build argument 'cmake_args' from command line to 'None'
[0.843s] Level 5:colcon.colcon_core.verb:set package 'final_project' build argument 'cmake_target' from command line to 'None'
[0.843s] Level 5:colcon.colcon_core.verb:set package 'final_project' build argument 'cmake_target_skip_unavailable' from command line to 'False'
[0.843s] Level 5:colcon.colcon_core.verb:set package 'final_project' build argument 'cmake_clean_cache' from command line to 'False'
[0.843s] Level 5:colcon.colcon_core.verb:set package 'final_project' build argument 'cmake_clean_first' from command line to 'False'
[0.843s] Level 5:colcon.colcon_core.verb:set package 'final_project' build argument 'cmake_force_configure' from command line to 'False'
[0.843s] Level 5:colcon.colcon_core.verb:set package 'final_project' build argument 'ament_cmake_args' from command line to 'None'
[0.843s] Level 5:colcon.colcon_core.verb:set package 'final_project' build argument 'catkin_cmake_args' from command line to 'None'
[0.844s] Level 5:colcon.colcon_core.verb:set package 'final_project' build argument 'catkin_skip_building_tests' from command line to 'False'
[0.844s] DEBUG:colcon.colcon_core.verb:Building package 'final_project' with the following arguments: {'ament_cmake_args': None, 'build_base': '/root/ses598-space-robotics-and-ai-2026/assignments/final_project/build/final_project', 'catkin_cmake_args': None, 'catkin_skip_building_tests': False, 'cmake_args': None, 'cmake_clean_cache': False, 'cmake_clean_first': False, 'cmake_force_configure': False, 'cmake_target': None, 'cmake_target_skip_unavailable': False, 'install_base': '/root/ses598-space-robotics-and-ai-2026/assignments/final_project/install/final_project', 'merge_install': False, 'path': '/root/ses598-space-robotics-and-ai-2026/assignments/final_project', 'symlink_install': False, 'test_result_base': None}
[0.844s] INFO:colcon.colcon_core.executor:Executing jobs using 'parallel' executor
[0.846s] DEBUG:colcon.colcon_parallel_executor.executor.parallel:run_until_complete
[0.846s] INFO:colcon.colcon_ros.task.ament_python.build:Building ROS package in '/root/ses598-space-robotics-and-ai-2026/assignments/final_project' with build type 'ament_python'
[0.847s] Level 1:colcon.colcon_core.shell:create_environment_hook('final_project', 'ament_prefix_path')
[0.852s] INFO:colcon.colcon_core.plugin_system:Skipping extension 'colcon_core.shell.bat': Not used on non-Windows systems
[0.852s] INFO:colcon.colcon_core.shell:Creating environment hook '/root/ses598-space-robotics-and-ai-2026/assignments/final_project/install/final_project/share/final_project/hook/ament_prefix_path.ps1'
[0.853s] INFO:colcon.colcon_core.shell:Creating environment descriptor '/root/ses598-space-robotics-and-ai-2026/assignments/final_project/install/final_project/share/final_project/hook/ament_prefix_path.dsv'
[0.854s] INFO:colcon.colcon_core.shell:Creating environment hook '/root/ses598-space-robotics-and-ai-2026/assignments/final_project/install/final_project/share/final_project/hook/ament_prefix_path.sh'
[0.856s] INFO:colcon.colcon_core.shell:Skip shell extension 'powershell' for command environment: Not usable outside of PowerShell
[0.856s] DEBUG:colcon.colcon_core.shell:Skip shell extension 'dsv' for command environment
[1.499s] INFO:colcon.colcon_core.task.python.build:Building Python package in '/root/ses598-space-robotics-and-ai-2026/assignments/final_project'
[1.500s] INFO:colcon.colcon_core.shell:Skip shell extension 'powershell' for command environment: Not usable outside of PowerShell
[1.500s] DEBUG:colcon.colcon_core.shell:Skip shell extension 'dsv' for command environment
[2.328s] DEBUG:colcon.colcon_core.event_handler.log_command:Invoking command in '/root/ses598-space-robotics-and-ai-2026/assignments/final_project': PYTHONPATH=/root/ses598-space-robotics-and-ai-2026/assignments/final_project/build/final_project/prefix_override:/usr/lib/python3/dist-packages/colcon_core/task/python/colcon_distutils_commands:/root/ses598-space-robotics-and-ai-2026/assignments/final_project/install/final_project/lib/python3.10/site-packages:${PYTHONPATH} /usr/bin/python3 -W ignore:setup.py install is deprecated -W ignore:easy_install command is deprecated setup.py egg_info --egg-base build/final_project build --build-base /root/ses598-space-robotics-and-ai-2026/assignments/final_project/build/final_project/build install --record /root/ses598-space-robotics-and-ai-2026/assignments/final_project/build/final_project/install.log --single-version-externally-managed install_data
[3.030s] DEBUG:colcon.colcon_core.event_handler.log_command:Invoked command in '/root/ses598-space-robotics-and-ai-2026/assignments/final_project' returned '0': PYTHONPATH=/root/ses598-space-robotics-and-ai-2026/assignments/final_project/build/final_project/prefix_override:/usr/lib/python3/dist-packages/colcon_core/task/python/colcon_distutils_commands:/root/ses598-space-robotics-and-ai-2026/assignments/final_project/install/final_project/lib/python3.10/site-packages:${PYTHONPATH} /usr/bin/python3 -W ignore:setup.py install is deprecated -W ignore:easy_install command is deprecated setup.py egg_info --egg-base build/final_project build --build-base /root/ses598-space-robotics-and-ai-2026/assignments/final_project/build/final_project/build install --record /root/ses598-space-robotics-and-ai-2026/assignments/final_project/build/final_project/install.log --single-version-externally-managed install_data
[3.038s] Level 1:colcon.colcon_core.environment:checking '/root/ses598-space-robotics-and-ai-2026/assignments/final_project/install/final_project' for CMake module files
[3.039s] Level 1:colcon.colcon_core.environment:checking '/root/ses598-space-robotics-and-ai-2026/assignments/final_project/install/final_project' for CMake config files
[3.042s] Level 1:colcon.colcon_core.environment:checking '/root/ses598-space-robotics-and-ai-2026/assignments/final_project/install/final_project/lib'
[3.042s] Level 1:colcon.colcon_core.environment:checking '/root/ses598-space-robotics-and-ai-2026/assignments/final_project/install/final_project/bin'
[3.042s] Level 1:colcon.colcon_core.shell:create_environment_hook('final_project', 'path')
[3.043s] INFO:colcon.colcon_core.shell:Creating environment hook '/root/ses598-space-robotics-and-ai-2026/assignments/final_project/install/final_project/share/final_project/hook/path.ps1'
[3.045s] INFO:colcon.colcon_core.shell:Creating environment descriptor '/root/ses598-space-robotics-and-ai-2026/assignments/final_project/install/final_project/share/final_project/hook/path.dsv'
[3.046s] INFO:colcon.colcon_core.shell:Creating environment hook '/root/ses598-space-robotics-and-ai-2026/assignments/final_project/install/final_project/share/final_project/hook/path.sh'
[3.047s] Level 1:colcon.colcon_core.environment:checking '/root/ses598-space-robotics-and-ai-2026/assignments/final_project/install/final_project/lib/pkgconfig/final_project.pc'
[3.048s] Level 1:colcon.colcon_core.environment:checking '/root/ses598-space-robotics-and-ai-2026/assignments/final_project/install/final_project/lib/python3.10/site-packages'
[3.048s] Level 1:colcon.colcon_core.shell:create_environment_hook('final_project', 'pythonpath')
[3.049s] INFO:colcon.colcon_core.shell:Creating environment hook '/root/ses598-space-robotics-and-ai-2026/assignments/final_project/install/final_project/share/final_project/hook/pythonpath.ps1'
[3.050s] INFO:colcon.colcon_core.shell:Creating environment descriptor '/root/ses598-space-robotics-and-ai-2026/assignments/final_project/install/final_project/share/final_project/hook/pythonpath.dsv'
[3.051s] INFO:colcon.colcon_core.shell:Creating environment hook '/root/ses598-space-robotics-and-ai-2026/assignments/final_project/install/final_project/share/final_project/hook/pythonpath.sh'
[3.053s] Level 1:colcon.colcon_core.environment:checking '/root/ses598-space-robotics-and-ai-2026/assignments/final_project/install/final_project/bin'
[3.053s] Level 1:colcon.colcon_core.shell:create_environment_hook('final_project', 'pythonscriptspath')
[3.054s] INFO:colcon.colcon_core.shell:Creating environment hook '/root/ses598-space-robotics-and-ai-2026/assignments/final_project/install/final_project/share/final_project/hook/pythonscriptspath.ps1'
[3.055s] INFO:colcon.colcon_core.shell:Creating environment descriptor '/root/ses598-space-robotics-and-ai-2026/assignments/final_project/install/final_project/share/final_project/hook/pythonscriptspath.dsv'
[3.056s] INFO:colcon.colcon_core.shell:Creating environment hook '/root/ses598-space-robotics-and-ai-2026/assignments/final_project/install/final_project/share/final_project/hook/pythonscriptspath.sh'
[3.057s] Level 1:colcon.colcon_core.environment:create_environment_scripts_only(final_project)
[3.058s] INFO:colcon.colcon_core.shell:Creating package script '/root/ses598-space-robotics-and-ai-2026/assignments/final_project/install/final_project/share/final_project/package.ps1'
[3.061s] INFO:colcon.colcon_core.shell:Creating package descriptor '/root/ses598-space-robotics-and-ai-2026/assignments/final_project/install/final_project/share/final_project/package.dsv'
[3.063s] INFO:colcon.colcon_core.shell:Creating package script '/root/ses598-space-robotics-and-ai-2026/assignments/final_project/install/final_project/share/final_project/package.sh'
[3.065s] INFO:colcon.colcon_core.shell:Creating package script '/root/ses598-space-robotics-and-ai-2026/assignments/final_project/install/final_project/share/final_project/package.bash'
[3.067s] INFO:colcon.colcon_core.shell:Creating package script '/root/ses598-space-robotics-and-ai-2026/assignments/final_project/install/final_project/share/final_project/package.zsh'
[3.070s] Level 1:colcon.colcon_core.environment:create_file_with_runtime_dependencies(/root/ses598-space-robotics-and-ai-2026/assignments/final_project/install/final_project/share/colcon-core/packages/final_project)
[3.071s] DEBUG:colcon.colcon_parallel_executor.executor.parallel:closing loop
[3.071s] DEBUG:colcon.colcon_parallel_executor.executor.parallel:loop closed
[3.072s] DEBUG:colcon.colcon_parallel_executor.executor.parallel:run_until_complete finished with '0'
[3.072s] DEBUG:colcon.colcon_core.event_reactor:joining thread
[3.089s] INFO:colcon.colcon_core.plugin_system:Skipping extension 'colcon_notification.desktop_notification.notify_send': Could not find 'notify-send'
[3.090s] INFO:colcon.colcon_core.plugin_system:Skipping extension 'colcon_notification.desktop_notification.terminal_notifier': Not used on non-Darwin systems
[3.090s] INFO:colcon.colcon_core.plugin_system:Skipping extension 'colcon_notification.desktop_notification.win32': Not used on non-Windows systems
[3.090s] INFO:colcon.colcon_notification.desktop_notification:Sending desktop notification using 'notify2'
[3.096s] DEBUG:colcon.colcon_notification.desktop_notification.notify2:Failed to initialize notify2: org.freedesktop.DBus.Error.Spawn.ExecFailed: /usr/bin/dbus-launch terminated abnormally without any error message
[3.097s] DEBUG:colcon.colcon_core.event_reactor:joined thread
[3.099s] INFO:colcon.colcon_core.shell:Creating prefix script '/root/ses598-space-robotics-and-ai-2026/assignments/final_project/install/local_setup.ps1'
[3.103s] INFO:colcon.colcon_core.shell:Creating prefix util module '/root/ses598-space-robotics-and-ai-2026/assignments/final_project/install/_local_setup_util_ps1.py'
[3.108s] INFO:colcon.colcon_core.shell:Creating prefix chain script '/root/ses598-space-robotics-and-ai-2026/assignments/final_project/install/setup.ps1'
[3.112s] INFO:colcon.colcon_core.shell:Creating prefix script '/root/ses598-space-robotics-and-ai-2026/assignments/final_project/install/local_setup.sh'
[3.114s] INFO:colcon.colcon_core.shell:Creating prefix util module '/root/ses598-space-robotics-and-ai-2026/assignments/final_project/install/_local_setup_util_sh.py'
[3.116s] INFO:colcon.colcon_core.shell:Creating prefix chain script '/root/ses598-space-robotics-and-ai-2026/assignments/final_project/install/setup.sh'
[3.120s] INFO:colcon.colcon_core.shell:Creating prefix script '/root/ses598-space-robotics-and-ai-2026/assignments/final_project/install/local_setup.bash'
[3.121s] INFO:colcon.colcon_core.shell:Creating prefix chain script '/root/ses598-space-robotics-and-ai-2026/assignments/final_project/install/setup.bash'
[3.125s] INFO:colcon.colcon_core.shell:Creating prefix script '/root/ses598-space-robotics-and-ai-2026/assignments/final_project/install/local_setup.zsh'
[3.126s] INFO:colcon.colcon_core.shell:Creating prefix chain script '/root/ses598-space-robotics-and-ai-2026/assignments/final_project/install/setup.zsh'
