[1.480s] Invoking command in '/root/ses598-space-robotics-and-ai-2026/assignments/final_project': PYTHONPATH=/root/ses598-space-robotics-and-ai-2026/assignments/final_project/build/final_project/prefix_override:/usr/lib/python3/dist-packages/colcon_core/task/python/colcon_distutils_commands:/root/ses598-space-robotics-and-ai-2026/assignments/final_project/install/final_project/lib/python3.10/site-packages:${PYTHONPATH} /usr/bin/python3 -W ignore:setup.py install is deprecated -W ignore:easy_install command is deprecated setup.py egg_info --egg-base build/final_project build --build-base /root/ses598-space-robotics-and-ai-2026/assignments/final_project/build/final_project/build install --record /root/ses598-space-robotics-and-ai-2026/assignments/final_project/build/final_project/install.log --single-version-externally-managed install_data
[2.083s] running egg_info
[2.084s] writing build/final_project/final_project.egg-info/PKG-INFO
[2.084s] writing dependency_links to build/final_project/final_project.egg-info/dependency_links.txt
[2.085s] writing entry points to build/final_project/final_project.egg-info/entry_points.txt
[2.085s] writing requirements to build/final_project/final_project.egg-info/requires.txt
[2.086s] writing top-level names to build/final_project/final_project.egg-info/top_level.txt
[2.089s] reading manifest file 'build/final_project/final_project.egg-info/SOURCES.txt'
[2.091s] writing manifest file 'build/final_project/final_project.egg-info/SOURCES.txt'
[2.091s] running build
[2.092s] running build_py
[2.092s] copying final_project/concept_terrain_mission_v3.py -> /root/ses598-space-robotics-and-ai-2026/assignments/final_project/build/final_project/build/lib/final_project
[2.092s] running install
[2.093s] running install_lib
[2.095s] copying /root/ses598-space-robotics-and-ai-2026/assignments/final_project/build/final_project/build/lib/final_project/concept_terrain_mission_v3.py -> /root/ses598-space-robotics-and-ai-2026/assignments/final_project/install/final_project/lib/python3.10/site-packages/final_project
[2.096s] byte-compiling /root/ses598-space-robotics-and-ai-2026/assignments/final_project/install/final_project/lib/python3.10/site-packages/final_project/concept_terrain_mission_v3.py to concept_terrain_mission_v3.cpython-310.pyc
[2.104s] running install_data
[2.104s] running install_egg_info
[2.108s] removing '/root/ses598-space-robotics-and-ai-2026/assignments/final_project/install/final_project/lib/python3.10/site-packages/final_project-0.0.1-py3.10.egg-info' (and everything under it)
[2.108s] Copying build/final_project/final_project.egg-info to /root/ses598-space-robotics-and-ai-2026/assignments/final_project/install/final_project/lib/python3.10/site-packages/final_project-0.0.1-py3.10.egg-info
[2.110s] running install_scripts
[2.147s] Installing concept_terrain_mission script to /root/ses598-space-robotics-and-ai-2026/assignments/final_project/install/final_project/lib/final_project
[2.147s] Installing concept_terrain_mission_v3 script to /root/ses598-space-robotics-and-ai-2026/assignments/final_project/install/final_project/lib/final_project
[2.148s] Installing mission_viz script to /root/ses598-space-robotics-and-ai-2026/assignments/final_project/install/final_project/lib/final_project
[2.148s] writing list of installed files to '/root/ses598-space-robotics-and-ai-2026/assignments/final_project/build/final_project/install.log'
[2.182s] Invoked command in '/root/ses598-space-robotics-and-ai-2026/assignments/final_project' returned '0': PYTHONPATH=/root/ses598-space-robotics-and-ai-2026/assignments/final_project/build/final_project/prefix_override:/usr/lib/python3/dist-packages/colcon_core/task/python/colcon_distutils_commands:/root/ses598-space-robotics-and-ai-2026/assignments/final_project/install/final_project/lib/python3.10/site-packages:${PYTHONPATH} /usr/bin/python3 -W ignore:setup.py install is deprecated -W ignore:easy_install command is deprecated setup.py egg_info --egg-base build/final_project build --build-base /root/ses598-space-robotics-and-ai-2026/assignments/final_project/build/final_project/build install --record /root/ses598-space-robotics-and-ai-2026/assignments/final_project/build/final_project/install.log --single-version-externally-managed install_data
