[1.463s] Invoking command in '/root/ses598-space-robotics-and-ai-2026/assignments/final_project': PYTHONPATH=/root/ses598-space-robotics-and-ai-2026/assignments/final_project/build/final_project/prefix_override:/usr/lib/python3/dist-packages/colcon_core/task/python/colcon_distutils_commands:/root/ses598-space-robotics-and-ai-2026/assignments/final_project/install/final_project/lib/python3.10/site-packages:${PYTHONPATH} /usr/bin/python3 -W ignore:setup.py install is deprecated -W ignore:easy_install command is deprecated setup.py egg_info --egg-base build/final_project build --build-base /root/ses598-space-robotics-and-ai-2026/assignments/final_project/build/final_project/build install --record /root/ses598-space-robotics-and-ai-2026/assignments/final_project/build/final_project/install.log --single-version-externally-managed install_data
[2.060s] running egg_info
[2.061s] writing build/final_project/final_project.egg-info/PKG-INFO
[2.062s] writing dependency_links to build/final_project/final_project.egg-info/dependency_links.txt
[2.062s] writing entry points to build/final_project/final_project.egg-info/entry_points.txt
[2.062s] writing requirements to build/final_project/final_project.egg-info/requires.txt
[2.063s] writing top-level names to build/final_project/final_project.egg-info/top_level.txt
[2.067s] reading manifest file 'build/final_project/final_project.egg-info/SOURCES.txt'
[2.069s] writing manifest file 'build/final_project/final_project.egg-info/SOURCES.txt'
[2.069s] running build
[2.070s] running build_py
[2.070s] copying final_project/concept_terrain_mission_v3.py -> /root/ses598-space-robotics-and-ai-2026/assignments/final_project/build/final_project/build/lib/final_project
[2.071s] running install
[2.071s] running install_lib
[2.073s] copying /root/ses598-space-robotics-and-ai-2026/assignments/final_project/build/final_project/build/lib/final_project/concept_terrain_mission_v3.py -> /root/ses598-space-robotics-and-ai-2026/assignments/final_project/install/final_project/lib/python3.10/site-packages/final_project
[2.074s] byte-compiling /root/ses598-space-robotics-and-ai-2026/assignments/final_project/install/final_project/lib/python3.10/site-packages/final_project/concept_terrain_mission_v3.py to concept_terrain_mission_v3.cpython-310.pyc
[2.082s] running install_data
[2.082s] copying launch/concept_mission_v3_launch.py -> /root/ses598-space-robotics-and-ai-2026/assignments/final_project/install/final_project/share/final_project/launch
[2.083s] running install_egg_info
[2.086s] removing '/root/ses598-space-robotics-and-ai-2026/assignments/final_project/install/final_project/lib/python3.10/site-packages/final_project-0.0.1-py3.10.egg-info' (and everything under it)
[2.087s] Copying build/final_project/final_project.egg-info to /root/ses598-space-robotics-and-ai-2026/assignments/final_project/install/final_project/lib/python3.10/site-packages/final_project-0.0.1-py3.10.egg-info
[2.089s] running install_scripts
[2.131s] Installing concept_terrain_mission script to /root/ses598-space-robotics-and-ai-2026/assignments/final_project/install/final_project/lib/final_project
[2.131s] Installing concept_terrain_mission_v3 script to /root/ses598-space-robotics-and-ai-2026/assignments/final_project/install/final_project/lib/final_project
[2.132s] Installing mission_viz script to /root/ses598-space-robotics-and-ai-2026/assignments/final_project/install/final_project/lib/final_project
[2.133s] writing list of installed files to '/root/ses598-space-robotics-and-ai-2026/assignments/final_project/build/final_project/install.log'
[2.169s] Invoked command in '/root/ses598-space-robotics-and-ai-2026/assignments/final_project' returned '0': PYTHONPATH=/root/ses598-space-robotics-and-ai-2026/assignments/final_project/build/final_project/prefix_override:/usr/lib/python3/dist-packages/colcon_core/task/python/colcon_distutils_commands:/root/ses598-space-robotics-and-ai-2026/assignments/final_project/install/final_project/lib/python3.10/site-packages:${PYTHONPATH} /usr/bin/python3 -W ignore:setup.py install is deprecated -W ignore:easy_install command is deprecated setup.py egg_info --egg-base build/final_project build --build-base /root/ses598-space-robotics-and-ai-2026/assignments/final_project/build/final_project/build install --record /root/ses598-space-robotics-and-ai-2026/assignments/final_project/build/final_project/install.log --single-version-externally-managed install_data
