running egg_info
writing build/final_project/final_project.egg-info/PKG-INFO
writing dependency_links to build/final_project/final_project.egg-info/dependency_links.txt
writing entry points to build/final_project/final_project.egg-info/entry_points.txt
writing requirements to build/final_project/final_project.egg-info/requires.txt
writing top-level names to build/final_project/final_project.egg-info/top_level.txt
reading manifest file 'build/final_project/final_project.egg-info/SOURCES.txt'
writing manifest file 'build/final_project/final_project.egg-info/SOURCES.txt'
running build
running build_py
copying final_project/concept_terrain_mission_v3.py -> /root/ses598-space-robotics-and-ai-2026/assignments/final_project/build/final_project/build/lib/final_project
running install
running install_lib
copying /root/ses598-space-robotics-and-ai-2026/assignments/final_project/build/final_project/build/lib/final_project/concept_terrain_mission_v3.py -> /root/ses598-space-robotics-and-ai-2026/assignments/final_project/install/final_project/lib/python3.10/site-packages/final_project
byte-compiling /root/ses598-space-robotics-and-ai-2026/assignments/final_project/install/final_project/lib/python3.10/site-packages/final_project/concept_terrain_mission_v3.py to concept_terrain_mission_v3.cpython-310.pyc
running install_data
running install_egg_info
removing '/root/ses598-space-robotics-and-ai-2026/assignments/final_project/install/final_project/lib/python3.10/site-packages/final_project-0.0.1-py3.10.egg-info' (and everything under it)
Copying build/final_project/final_project.egg-info to /root/ses598-space-robotics-and-ai-2026/assignments/final_project/install/final_project/lib/python3.10/site-packages/final_project-0.0.1-py3.10.egg-info
running install_scripts
Installing concept_terrain_mission script to /root/ses598-space-robotics-and-ai-2026/assignments/final_project/install/final_project/lib/final_project
Installing concept_terrain_mission_v3 script to /root/ses598-space-robotics-and-ai-2026/assignments/final_project/install/final_project/lib/final_project
Installing mission_viz script to /root/ses598-space-robotics-and-ai-2026/assignments/final_project/install/final_project/lib/final_project
writing list of installed files to '/root/ses598-space-robotics-and-ai-2026/assignments/final_project/build/final_project/install.log'
